// Jest Snapshot v1, https://goo.gl/fbAQLP

exports[`should be rendered correctly 1`] = `
<button
  className="primary "
>
  Button
</button>
`;
